Extensions: writing cache failed ([Errno 30] Read-only file system: '/home/agent/.config/blender').
18:34:10 | INFO: Data are loaded, start creating Blender stuff
18:34:10 | INFO: Blender create Mesh node Painted_pressure_cylinder
18:34:10 | INFO: glTF import finished in 0.01s
Blender 4.3.2
Fra:1 Mem:10.91M (Peak 10.91M) | Time:00:00.00 | Mem:0.00M, Peak:0.00M | Scene, ViewLayer | Synchronizing object | motel_fire_extinguisher
Fra:1 Mem:13.31M (Peak 13.31M) | Time:00:00.00 | Mem:0.00M, Peak:0.00M | Scene, ViewLayer | Initializing
Fra:1 Mem:13.30M (Peak 13.31M) | Time:00:00.00 | Mem:0.00M, Peak:0.00M | Scene, ViewLayer | Updating Images | Loading extinguisher_orm_512
Fra:1 Mem:13.30M (Peak 13.31M) | Time:00:00.00 | Mem:0.00M, Peak:0.00M | Scene, ViewLayer | Updating Images | Loading extinguisher_atlas_512
Fra:1 Mem:15.10M (Peak 17.32M) | Time:00:00.01 | Mem:2.00M, Peak:2.00M | Scene, ViewLayer | Waiting for render to start
Fra:1 Mem:15.10M (Peak 17.32M) | Time:00:00.01 | Mem:2.00M, Peak:2.00M | Scene, ViewLayer | Loading render kernels (may take a few minutes the first time)
Fra:1 Mem:15.10M (Peak 17.32M) | Time:00:00.01 | Mem:2.00M, Peak:2.00M | Scene, ViewLayer | Updating Scene
Fra:1 Mem:15.10M (Peak 17.32M) | Time:00:00.01 | Mem:2.00M, Peak:2.00M | Scene, ViewLayer | Updating Shaders
Fra:1 Mem:15.18M (Peak 17.32M) | Time:00:00.01 | Mem:2.00M, Peak:2.00M | Scene, ViewLayer | Updating Procedurals
Fra:1 Mem:15.18M (Peak 17.32M) | Time:00:00.01 | Mem:2.00M, Peak:2.00M | Scene, ViewLayer | Updating Background
Fra:1 Mem:15.18M (Peak 17.32M) | Time:00:00.01 | Mem:2.00M, Peak:2.00M | Scene, ViewLayer | Updating Camera
Fra:1 Mem:15.18M (Peak 17.32M) | Time:00:00.01 | Mem:2.00M, Peak:2.00M | Scene, ViewLayer | Updating Meshes Flags
Fra:1 Mem:15.18M (Peak 17.32M) | Time:00:00.01 | Mem:2.00M, Peak:2.00M | Scene, ViewLayer | Updating Objects
Fra:1 Mem:15.18M (Peak 17.32M) | Time:00:00.01 | Mem:2.00M, Peak:2.00M | Scene, ViewLayer | Updating Objects | Copying Transformations to device
Fra:1 Mem:15.18M (Peak 17.32M) | Time:00:00.01 | Mem:2.00M, Peak:2.00M | Scene, ViewLayer | Updating Objects | Applying Static Transformations
Fra:1 Mem:15.18M (Peak 17.32M) | Time:00:00.01 | Mem:2.00M, Peak:2.00M | Scene, ViewLayer | Updating Particle Systems
Fra:1 Mem:15.18M (Peak 17.32M) | Time:00:00.01 | Mem:2.00M, Peak:2.00M | Scene, ViewLayer | Updating Particle Systems | Copying Particles to device
Fra:1 Mem:15.18M (Peak 17.32M) | Time:00:00.01 | Mem:2.00M, Peak:2.00M | Scene, ViewLayer | Updating Meshes
Fra:1 Mem:15.22M (Peak 17.32M) | Time:00:00.01 | Mem:2.00M, Peak:2.00M | Scene, ViewLayer | Updating Mesh | Computing attributes
Fra:1 Mem:15.34M (Peak 17.32M) | Time:00:00.01 | Mem:2.00M, Peak:2.00M | Scene, ViewLayer | Updating Mesh | Copying Attributes to device
Fra:1 Mem:15.34M (Peak 17.32M) | Time:00:00.01 | Mem:2.12M, Peak:2.12M | Scene, ViewLayer | Updating Scene BVH | Building
Fra:1 Mem:15.34M (Peak 17.32M) | Time:00:00.01 | Mem:2.12M, Peak:2.12M | Scene, ViewLayer | Updating Scene BVH | Building BVH
Fra:1 Mem:15.34M (Peak 17.32M) | Time:00:00.01 | Mem:2.19M, Peak:2.19M | Scene, ViewLayer | Updating Scene BVH | Building BVH 0%
Fra:1 Mem:15.34M (Peak 17.32M) | Time:00:00.01 | Mem:2.27M, Peak:2.35M | Scene, ViewLayer | Updating Scene BVH | Copying BVH to device
Fra:1 Mem:15.34M (Peak 17.32M) | Time:00:00.01 | Mem:2.27M, Peak:2.35M | Scene, ViewLayer | Updating Mesh | Computing normals
Fra:1 Mem:15.54M (Peak 17.32M) | Time:00:00.01 | Mem:2.27M, Peak:2.35M | Scene, ViewLayer | Updating Mesh | Copying Mesh to device
Fra:1 Mem:15.54M (Peak 17.32M) | Time:00:00.01 | Mem:2.48M, Peak:2.48M | Scene, ViewLayer | Updating Objects Flags
Fra:1 Mem:15.54M (Peak 17.32M) | Time:00:00.01 | Mem:2.48M, Peak:2.48M | Scene, ViewLayer | Updating Primitive Offsets
Fra:1 Mem:15.54M (Peak 17.32M) | Time:00:00.01 | Mem:2.48M, Peak:2.48M | Scene, ViewLayer | Updating Images
Fra:1 Mem:15.54M (Peak 17.32M) | Time:00:00.01 | Mem:2.48M, Peak:2.48M | Scene, ViewLayer | Updating Camera Volume
Fra:1 Mem:15.54M (Peak 17.32M) | Time:00:00.01 | Mem:2.48M, Peak:2.48M | Scene, ViewLayer | Updating Lookup Tables
Fra:1 Mem:15.54M (Peak 17.32M) | Time:00:00.01 | Mem:2.56M, Peak:2.56M | Scene, ViewLayer | Updating Lights
Fra:1 Mem:15.54M (Peak 17.32M) | Time:00:00.01 | Mem:2.56M, Peak:2.56M | Scene, ViewLayer | Updating Lights | Computing tree
Fra:1 Mem:15.54M (Peak 17.32M) | Time:00:00.01 | Mem:2.56M, Peak:2.56M | Scene, ViewLayer | Updating Integrator
Fra:1 Mem:15.54M (Peak 17.32M) | Time:00:00.01 | Mem:2.56M, Peak:2.56M | Scene, ViewLayer | Updating Film
Fra:1 Mem:15.55M (Peak 17.32M) | Time:00:00.01 | Mem:2.48M, Peak:2.56M | Scene, ViewLayer | Updating Lookup Tables
Fra:1 Mem:15.55M (Peak 17.32M) | Time:00:00.01 | Mem:2.57M, Peak:2.57M | Scene, ViewLayer | Updating Baking
Fra:1 Mem:15.55M (Peak 17.32M) | Time:00:00.01 | Mem:2.57M, Peak:2.57M | Scene, ViewLayer | Updating Device | Writing constant memory
Fra:1 Mem:15.55M (Peak 17.32M) | Time:00:00.01 | Mem:2.57M, Peak:2.57M | Scene, ViewLayer | Sample 0/48
Fra:1 Mem:49.90M (Peak 49.90M) | Time:00:00.19 | Remaining:00:08.48 | Mem:36.91M, Peak:36.91M | Scene, ViewLayer | Sample 1/48
Fra:1 Mem:65.16M (Peak 95.67M) | Time:00:06.27 | Mem:36.91M, Peak:36.91M | Scene, ViewLayer | Sample 48/48
Fra:1 Mem:65.16M (Peak 95.67M) | Time:00:06.27 | Mem:36.91M, Peak:36.91M | Scene, ViewLayer | Finished
Saved: '/workspace/scratch/eac4961518d4/motel_fire_extinguisher_v1/preview/full.png'
Time: 00:06.50 (Saving: 00:00.22)

Fra:1 Mem:12.97M (Peak 12.97M) | Time:00:00.00 | Mem:0.00M, Peak:0.00M | Scene, ViewLayer | Synchronizing object | motel_fire_extinguisher
Fra:1 Mem:13.31M (Peak 13.31M) | Time:00:00.00 | Mem:0.00M, Peak:0.00M | Scene, ViewLayer | Initializing
Fra:1 Mem:13.30M (Peak 13.31M) | Time:00:00.00 | Mem:0.00M, Peak:0.00M | Scene, ViewLayer | Updating Images | Loading extinguisher_atlas_512
Fra:1 Mem:13.30M (Peak 13.31M) | Time:00:00.00 | Mem:0.00M, Peak:0.00M | Scene, ViewLayer | Updating Images | Loading extinguisher_orm_512
Fra:1 Mem:15.10M (Peak 19.32M) | Time:00:00.00 | Mem:2.00M, Peak:2.00M | Scene, ViewLayer | Waiting for render to start
Fra:1 Mem:15.10M (Peak 19.32M) | Time:00:00.00 | Mem:2.00M, Peak:2.00M | Scene, ViewLayer | Loading render kernels (may take a few minutes the first time)
Fra:1 Mem:15.10M (Peak 19.32M) | Time:00:00.00 | Mem:2.00M, Peak:2.00M | Scene, ViewLayer | Updating Scene
Fra:1 Mem:15.10M (Peak 19.32M) | Time:00:00.00 | Mem:2.00M, Peak:2.00M | Scene, ViewLayer | Updating Shaders
Fra:1 Mem:15.18M (Peak 19.32M) | Time:00:00.00 | Mem:2.00M, Peak:2.00M | Scene, ViewLayer | Updating Procedurals
Fra:1 Mem:15.18M (Peak 19.32M) | Time:00:00.00 | Mem:2.00M, Peak:2.00M | Scene, ViewLayer | Updating Background
Fra:1 Mem:15.18M (Peak 19.32M) | Time:00:00.00 | Mem:2.00M, Peak:2.00M | Scene, ViewLayer | Updating Camera
Fra:1 Mem:15.18M (Peak 19.32M) | Time:00:00.00 | Mem:2.00M, Peak:2.00M | Scene, ViewLayer | Updating Meshes Flags
Fra:1 Mem:15.18M (Peak 19.32M) | Time:00:00.00 | Mem:2.00M, Peak:2.00M | Scene, ViewLayer | Updating Objects
Fra:1 Mem:15.18M (Peak 19.32M) | Time:00:00.00 | Mem:2.00M, Peak:2.00M | Scene, ViewLayer | Updating Objects | Copying Transformations to device
Fra:1 Mem:15.18M (Peak 19.32M) | Time:00:00.00 | Mem:2.00M, Peak:2.00M | Scene, ViewLayer | Updating Objects | Applying Static Transformations
Fra:1 Mem:15.18M (Peak 19.32M) | Time:00:00.00 | Mem:2.00M, Peak:2.00M | Scene, ViewLayer | Updating Particle Systems
Fra:1 Mem:15.18M (Peak 19.32M) | Time:00:00.00 | Mem:2.00M, Peak:2.00M | Scene, ViewLayer | Updating Particle Systems | Copying Particles to device
Fra:1 Mem:15.18M (Peak 19.32M) | Time:00:00.00 | Mem:2.00M, Peak:2.00M | Scene, ViewLayer | Updating Meshes
Fra:1 Mem:15.22M (Peak 19.32M) | Time:00:00.00 | Mem:2.00M, Peak:2.00M | Scene, ViewLayer | Updating Mesh | Computing attributes
Fra:1 Mem:15.34M (Peak 19.32M) | Time:00:00.00 | Mem:2.00M, Peak:2.00M | Scene, ViewLayer | Updating Mesh | Copying Attributes to device
Fra:1 Mem:15.34M (Peak 19.32M) | Time:00:00.00 | Mem:2.12M, Peak:2.12M | Scene, ViewLayer | Updating Scene BVH | Building
Fra:1 Mem:15.34M (Peak 19.32M) | Time:00:00.00 | Mem:2.12M, Peak:2.12M | Scene, ViewLayer | Updating Scene BVH | Building BVH
Fra:1 Mem:15.34M (Peak 19.32M) | Time:00:00.00 | Mem:2.19M, Peak:2.19M | Scene, ViewLayer | Updating Scene BVH | Building BVH 0%
Fra:1 Mem:15.34M (Peak 19.32M) | Time:00:00.00 | Mem:2.27M, Peak:2.35M | Scene, ViewLayer | Updating Scene BVH | Copying BVH to device
Fra:1 Mem:15.34M (Peak 19.32M) | Time:00:00.00 | Mem:2.27M, Peak:2.35M | Scene, ViewLayer | Updating Mesh | Computing normals
Fra:1 Mem:15.54M (Peak 19.32M) | Time:00:00.00 | Mem:2.27M, Peak:2.35M | Scene, ViewLayer | Updating Mesh | Copying Mesh to device
Fra:1 Mem:15.54M (Peak 19.32M) | Time:00:00.00 | Mem:2.48M, Peak:2.48M | Scene, ViewLayer | Updating Objects Flags
Fra:1 Mem:15.54M (Peak 19.32M) | Time:00:00.00 | Mem:2.48M, Peak:2.48M | Scene, ViewLayer | Updating Primitive Offsets
Fra:1 Mem:15.54M (Peak 19.32M) | Time:00:00.00 | Mem:2.48M, Peak:2.48M | Scene, ViewLayer | Updating Images
Fra:1 Mem:15.54M (Peak 19.32M) | Time:00:00.00 | Mem:2.48M, Peak:2.48M | Scene, ViewLayer | Updating Camera Volume
Fra:1 Mem:15.54M (Peak 19.32M) | Time:00:00.00 | Mem:2.48M, Peak:2.48M | Scene, ViewLayer | Updating Lookup Tables
Fra:1 Mem:15.54M (Peak 19.32M) | Time:00:00.00 | Mem:2.56M, Peak:2.56M | Scene, ViewLayer | Updating Lights
Fra:1 Mem:15.54M (Peak 19.32M) | Time:00:00.00 | Mem:2.56M, Peak:2.56M | Scene, ViewLayer | Updating Lights | Computing tree
Fra:1 Mem:15.54M (Peak 19.32M) | Time:00:00.00 | Mem:2.56M, Peak:2.56M | Scene, ViewLayer | Updating Integrator
Fra:1 Mem:15.54M (Peak 19.32M) | Time:00:00.00 | Mem:2.56M, Peak:2.56M | Scene, ViewLayer | Updating Film
Fra:1 Mem:15.55M (Peak 19.32M) | Time:00:00.00 | Mem:2.48M, Peak:2.56M | Scene, ViewLayer | Updating Lookup Tables
Fra:1 Mem:15.55M (Peak 19.32M) | Time:00:00.00 | Mem:2.57M, Peak:2.57M | Scene, ViewLayer | Updating Baking
Fra:1 Mem:15.55M (Peak 19.32M) | Time:00:00.00 | Mem:2.57M, Peak:2.57M | Scene, ViewLayer | Updating Device | Writing constant memory
Fra:1 Mem:15.55M (Peak 19.32M) | Time:00:00.00 | Mem:2.57M, Peak:2.57M | Scene, ViewLayer | Sample 0/48
Fra:1 Mem:49.90M (Peak 49.90M) | Time:00:00.18 | Remaining:00:08.34 | Mem:36.91M, Peak:36.91M | Scene, ViewLayer | Sample 1/48
Fra:1 Mem:65.16M (Peak 95.67M) | Time:00:06.74 | Mem:36.91M, Peak:36.91M | Scene, ViewLayer | Sample 48/48
Fra:1 Mem:65.16M (Peak 95.67M) | Time:00:06.74 | Mem:36.91M, Peak:36.91M | Scene, ViewLayer | Finished
Saved: '/workspace/scratch/eac4961518d4/motel_fire_extinguisher_v1/preview/front.png'
Time: 00:06.86 (Saving: 00:00.11)

Fra:1 Mem:12.97M (Peak 12.97M) | Time:00:00.00 | Mem:0.00M, Peak:0.00M | Scene, ViewLayer | Synchronizing object | motel_fire_extinguisher
Fra:1 Mem:13.31M (Peak 13.31M) | Time:00:00.00 | Mem:0.00M, Peak:0.00M | Scene, ViewLayer | Initializing
Fra:1 Mem:13.30M (Peak 13.31M) | Time:00:00.00 | Mem:0.00M, Peak:0.00M | Scene, ViewLayer | Updating Images | Loading extinguisher_orm_512
Fra:1 Mem:13.30M (Peak 13.31M) | Time:00:00.00 | Mem:0.00M, Peak:0.00M | Scene, ViewLayer | Updating Images | Loading extinguisher_atlas_512
Fra:1 Mem:15.10M (Peak 16.32M) | Time:00:00.00 | Mem:2.00M, Peak:2.00M | Scene, ViewLayer | Waiting for render to start
Fra:1 Mem:15.10M (Peak 16.32M) | Time:00:00.00 | Mem:2.00M, Peak:2.00M | Scene, ViewLayer | Loading render kernels (may take a few minutes the first time)
Fra:1 Mem:15.10M (Peak 16.32M) | Time:00:00.00 | Mem:2.00M, Peak:2.00M | Scene, ViewLayer | Updating Scene
Fra:1 Mem:15.10M (Peak 16.32M) | Time:00:00.00 | Mem:2.00M, Peak:2.00M | Scene, ViewLayer | Updating Shaders
Fra:1 Mem:15.18M (Peak 16.32M) | Time:00:00.00 | Mem:2.00M, Peak:2.00M | Scene, ViewLayer | Updating Procedurals
Fra:1 Mem:15.18M (Peak 16.32M) | Time:00:00.00 | Mem:2.00M, Peak:2.00M | Scene, ViewLayer | Updating Background
Fra:1 Mem:15.18M (Peak 16.32M) | Time:00:00.00 | Mem:2.00M, Peak:2.00M | Scene, ViewLayer | Updating Camera
Fra:1 Mem:15.18M (Peak 16.32M) | Time:00:00.00 | Mem:2.00M, Peak:2.00M | Scene, ViewLayer | Updating Meshes Flags
Fra:1 Mem:15.18M (Peak 16.32M) | Time:00:00.00 | Mem:2.00M, Peak:2.00M | Scene, ViewLayer | Updating Objects
Fra:1 Mem:15.18M (Peak 16.32M) | Time:00:00.00 | Mem:2.00M, Peak:2.00M | Scene, ViewLayer | Updating Objects | Copying Transformations to device
Fra:1 Mem:15.18M (Peak 16.32M) | Time:00:00.00 | Mem:2.00M, Peak:2.00M | Scene, ViewLayer | Updating Objects | Applying Static Transformations
Fra:1 Mem:15.18M (Peak 16.32M) | Time:00:00.00 | Mem:2.00M, Peak:2.00M | Scene, ViewLayer | Updating Particle Systems
Fra:1 Mem:15.18M (Peak 16.32M) | Time:00:00.00 | Mem:2.00M, Peak:2.00M | Scene, ViewLayer | Updating Particle Systems | Copying Particles to device
Fra:1 Mem:15.18M (Peak 16.32M) | Time:00:00.00 | Mem:2.00M, Peak:2.00M | Scene, ViewLayer | Updating Meshes
Fra:1 Mem:15.22M (Peak 16.32M) | Time:00:00.00 | Mem:2.00M, Peak:2.00M | Scene, ViewLayer | Updating Mesh | Computing attributes
Fra:1 Mem:15.34M (Peak 16.32M) | Time:00:00.00 | Mem:2.00M, Peak:2.00M | Scene, ViewLayer | Updating Mesh | Copying Attributes to device
Fra:1 Mem:15.34M (Peak 16.32M) | Time:00:00.00 | Mem:2.12M, Peak:2.12M | Scene, ViewLayer | Updating Scene BVH | Building
Fra:1 Mem:15.34M (Peak 16.32M) | Time:00:00.00 | Mem:2.12M, Peak:2.12M | Scene, ViewLayer | Updating Scene BVH | Building BVH
Fra:1 Mem:15.34M (Peak 16.32M) | Time:00:00.00 | Mem:2.19M, Peak:2.19M | Scene, ViewLayer | Updating Scene BVH | Building BVH 0%
Fra:1 Mem:15.34M (Peak 16.32M) | Time:00:00.00 | Mem:2.27M, Peak:2.35M | Scene, ViewLayer | Updating Scene BVH | Copying BVH to device
Fra:1 Mem:15.34M (Peak 16.32M) | Time:00:00.00 | Mem:2.27M, Peak:2.35M | Scene, ViewLayer | Updating Mesh | Computing normals
Fra:1 Mem:15.54M (Peak 16.32M) | Time:00:00.00 | Mem:2.27M, Peak:2.35M | Scene, ViewLayer | Updating Mesh | Copying Mesh to device
Fra:1 Mem:15.54M (Peak 16.32M) | Time:00:00.00 | Mem:2.48M, Peak:2.48M | Scene, ViewLayer | Updating Objects Flags
Fra:1 Mem:15.54M (Peak 16.32M) | Time:00:00.00 | Mem:2.48M, Peak:2.48M | Scene, ViewLayer | Updating Primitive Offsets
Fra:1 Mem:15.54M (Peak 16.32M) | Time:00:00.00 | Mem:2.48M, Peak:2.48M | Scene, ViewLayer | Updating Images
Fra:1 Mem:15.54M (Peak 16.32M) | Time:00:00.00 | Mem:2.48M, Peak:2.48M | Scene, ViewLayer | Updating Camera Volume
Fra:1 Mem:15.54M (Peak 16.32M) | Time:00:00.00 | Mem:2.48M, Peak:2.48M | Scene, ViewLayer | Updating Lookup Tables
Fra:1 Mem:15.54M (Peak 16.32M) | Time:00:00.00 | Mem:2.56M, Peak:2.56M | Scene, ViewLayer | Updating Lights
Fra:1 Mem:15.54M (Peak 16.32M) | Time:00:00.00 | Mem:2.56M, Peak:2.56M | Scene, ViewLayer | Updating Lights | Computing tree
Fra:1 Mem:15.54M (Peak 16.32M) | Time:00:00.00 | Mem:2.56M, Peak:2.56M | Scene, ViewLayer | Updating Integrator
Fra:1 Mem:15.54M (Peak 16.32M) | Time:00:00.00 | Mem:2.56M, Peak:2.56M | Scene, ViewLayer | Updating Film
Fra:1 Mem:15.55M (Peak 16.32M) | Time:00:00.00 | Mem:2.48M, Peak:2.56M | Scene, ViewLayer | Updating Lookup Tables
Fra:1 Mem:15.55M (Peak 16.32M) | Time:00:00.00 | Mem:2.57M, Peak:2.57M | Scene, ViewLayer | Updating Baking
Fra:1 Mem:15.55M (Peak 16.32M) | Time:00:00.00 | Mem:2.57M, Peak:2.57M | Scene, ViewLayer | Updating Device | Writing constant memory
Fra:1 Mem:15.55M (Peak 16.32M) | Time:00:00.00 | Mem:2.57M, Peak:2.57M | Scene, ViewLayer | Sample 0/48
Fra:1 Mem:49.90M (Peak 49.90M) | Time:00:00.28 | Remaining:00:13.11 | Mem:36.91M, Peak:36.91M | Scene, ViewLayer | Sample 1/48
Fra:1 Mem:65.16M (Peak 95.67M) | Time:00:10.54 | Mem:36.91M, Peak:36.91M | Scene, ViewLayer | Sample 48/48
Fra:1 Mem:65.16M (Peak 95.67M) | Time:00:10.54 | Mem:36.91M, Peak:36.91M | Scene, ViewLayer | Finished
Saved: '/workspace/scratch/eac4961518d4/motel_fire_extinguisher_v1/preview/close.png'
Time: 00:10.65 (Saving: 00:00.10)

Fra:1 Mem:12.97M (Peak 12.97M) | Time:00:00.00 | Mem:0.00M, Peak:0.00M | Scene, ViewLayer | Synchronizing object | motel_fire_extinguisher
Fra:1 Mem:13.31M (Peak 13.31M) | Time:00:00.00 | Mem:0.00M, Peak:0.00M | Scene, ViewLayer | Initializing
Fra:1 Mem:13.30M (Peak 13.31M) | Time:00:00.00 | Mem:0.00M, Peak:0.00M | Scene, ViewLayer | Updating Images | Loading extinguisher_orm_512
Fra:1 Mem:13.30M (Peak 13.31M) | Time:00:00.00 | Mem:0.00M, Peak:0.00M | Scene, ViewLayer | Updating Images | Loading extinguisher_atlas_512
Fra:1 Mem:15.10M (Peak 18.32M) | Time:00:00.00 | Mem:2.00M, Peak:2.00M | Scene, ViewLayer | Waiting for render to start
Fra:1 Mem:15.10M (Peak 18.32M) | Time:00:00.00 | Mem:2.00M, Peak:2.00M | Scene, ViewLayer | Loading render kernels (may take a few minutes the first time)
Fra:1 Mem:15.10M (Peak 18.32M) | Time:00:00.00 | Mem:2.00M, Peak:2.00M | Scene, ViewLayer | Updating Scene
Fra:1 Mem:15.10M (Peak 18.32M) | Time:00:00.00 | Mem:2.00M, Peak:2.00M | Scene, ViewLayer | Updating Shaders
Fra:1 Mem:15.18M (Peak 18.32M) | Time:00:00.00 | Mem:2.00M, Peak:2.00M | Scene, ViewLayer | Updating Procedurals
Fra:1 Mem:15.18M (Peak 18.32M) | Time:00:00.00 | Mem:2.00M, Peak:2.00M | Scene, ViewLayer | Updating Background
Fra:1 Mem:15.18M (Peak 18.32M) | Time:00:00.00 | Mem:2.00M, Peak:2.00M | Scene, ViewLayer | Updating Camera
Fra:1 Mem:15.18M (Peak 18.32M) | Time:00:00.00 | Mem:2.00M, Peak:2.00M | Scene, ViewLayer | Updating Meshes Flags
Fra:1 Mem:15.18M (Peak 18.32M) | Time:00:00.00 | Mem:2.00M, Peak:2.00M | Scene, ViewLayer | Updating Objects
Fra:1 Mem:15.18M (Peak 18.32M) | Time:00:00.00 | Mem:2.00M, Peak:2.00M | Scene, ViewLayer | Updating Objects | Copying Transformations to device
Fra:1 Mem:15.18M (Peak 18.32M) | Time:00:00.00 | Mem:2.00M, Peak:2.00M | Scene, ViewLayer | Updating Objects | Applying Static Transformations
Fra:1 Mem:15.18M (Peak 18.32M) | Time:00:00.00 | Mem:2.00M, Peak:2.00M | Scene, ViewLayer | Updating Particle Systems
Fra:1 Mem:15.18M (Peak 18.32M) | Time:00:00.00 | Mem:2.00M, Peak:2.00M | Scene, ViewLayer | Updating Particle Systems | Copying Particles to device
Fra:1 Mem:15.18M (Peak 18.32M) | Time:00:00.00 | Mem:2.00M, Peak:2.00M | Scene, ViewLayer | Updating Meshes
Fra:1 Mem:15.22M (Peak 18.32M) | Time:00:00.00 | Mem:2.00M, Peak:2.00M | Scene, ViewLayer | Updating Mesh | Computing attributes
Fra:1 Mem:15.34M (Peak 18.32M) | Time:00:00.00 | Mem:2.00M, Peak:2.00M | Scene, ViewLayer | Updating Mesh | Copying Attributes to device
Fra:1 Mem:15.34M (Peak 18.32M) | Time:00:00.00 | Mem:2.12M, Peak:2.12M | Scene, ViewLayer | Updating Scene BVH | Building
Fra:1 Mem:15.34M (Peak 18.32M) | Time:00:00.00 | Mem:2.12M, Peak:2.12M | Scene, ViewLayer | Updating Scene BVH | Building BVH
Fra:1 Mem:15.34M (Peak 18.32M) | Time:00:00.00 | Mem:2.19M, Peak:2.19M | Scene, ViewLayer | Updating Scene BVH | Building BVH 0%
Fra:1 Mem:15.34M (Peak 18.32M) | Time:00:00.00 | Mem:2.27M, Peak:2.35M | Scene, ViewLayer | Updating Scene BVH | Copying BVH to device
Fra:1 Mem:15.34M (Peak 18.32M) | Time:00:00.00 | Mem:2.27M, Peak:2.35M | Scene, ViewLayer | Updating Mesh | Computing normals
Fra:1 Mem:15.54M (Peak 18.32M) | Time:00:00.00 | Mem:2.27M, Peak:2.35M | Scene, ViewLayer | Updating Mesh | Copying Mesh to device
Fra:1 Mem:15.54M (Peak 18.32M) | Time:00:00.00 | Mem:2.48M, Peak:2.48M | Scene, ViewLayer | Updating Objects Flags
Fra:1 Mem:15.54M (Peak 18.32M) | Time:00:00.00 | Mem:2.48M, Peak:2.48M | Scene, ViewLayer | Updating Primitive Offsets
Fra:1 Mem:15.54M (Peak 18.32M) | Time:00:00.00 | Mem:2.48M, Peak:2.48M | Scene, ViewLayer | Updating Images
Fra:1 Mem:15.54M (Peak 18.32M) | Time:00:00.00 | Mem:2.48M, Peak:2.48M | Scene, ViewLayer | Updating Camera Volume
Fra:1 Mem:15.54M (Peak 18.32M) | Time:00:00.00 | Mem:2.48M, Peak:2.48M | Scene, ViewLayer | Updating Lookup Tables
Fra:1 Mem:15.54M (Peak 18.32M) | Time:00:00.00 | Mem:2.56M, Peak:2.56M | Scene, ViewLayer | Updating Lights
Fra:1 Mem:15.54M (Peak 18.32M) | Time:00:00.00 | Mem:2.56M, Peak:2.56M | Scene, ViewLayer | Updating Lights | Computing tree
Fra:1 Mem:15.54M (Peak 18.32M) | Time:00:00.00 | Mem:2.56M, Peak:2.56M | Scene, ViewLayer | Updating Integrator
Fra:1 Mem:15.54M (Peak 18.32M) | Time:00:00.00 | Mem:2.56M, Peak:2.56M | Scene, ViewLayer | Updating Film
Fra:1 Mem:15.55M (Peak 18.32M) | Time:00:00.00 | Mem:2.48M, Peak:2.56M | Scene, ViewLayer | Updating Lookup Tables
Fra:1 Mem:15.55M (Peak 18.32M) | Time:00:00.00 | Mem:2.57M, Peak:2.57M | Scene, ViewLayer | Updating Baking
Fra:1 Mem:15.55M (Peak 18.32M) | Time:00:00.00 | Mem:2.57M, Peak:2.57M | Scene, ViewLayer | Updating Device | Writing constant memory
Fra:1 Mem:15.55M (Peak 18.32M) | Time:00:00.00 | Mem:2.57M, Peak:2.57M | Scene, ViewLayer | Sample 0/48
Fra:1 Mem:49.90M (Peak 49.90M) | Time:00:00.18 | Remaining:00:08.21 | Mem:36.91M, Peak:36.91M | Scene, ViewLayer | Sample 1/48
Fra:1 Mem:65.16M (Peak 95.67M) | Time:00:06.67 | Mem:36.91M, Peak:36.91M | Scene, ViewLayer | Sample 48/48
Fra:1 Mem:65.16M (Peak 95.67M) | Time:00:06.67 | Mem:36.91M, Peak:36.91M | Scene, ViewLayer | Finished
Saved: '/workspace/scratch/eac4961518d4/motel_fire_extinguisher_v1/preview/rear.png'
Time: 00:06.78 (Saving: 00:00.11)


Blender quit
