Extensions: writing cache failed ([Errno 30] Read-only file system: '/home/agent/.config/blender').
19:50:39 | INFO: Data are loaded, start creating Blender stuff
19:50:39 | INFO: Blender create Mesh node Cube
19:50:39 | INFO: glTF import finished in 0.01s
Blender 4.3.2
Fra:1 Mem:11.42M (Peak 11.42M) | Time:00:00.00 | Mem:0.00M, Peak:0.00M | Scene, ViewLayer | Synchronizing object | motel_reception_noticeboard
Fra:1 Mem:13.71M (Peak 13.71M) | Time:00:00.00 | Mem:0.00M, Peak:0.00M | Scene, ViewLayer | Initializing
Fra:1 Mem:13.70M (Peak 13.71M) | Time:00:00.00 | Mem:0.00M, Peak:0.00M | Scene, ViewLayer | Updating Images | Loading noticeboard_orm_1024
Fra:1 Mem:13.70M (Peak 13.71M) | Time:00:00.00 | Mem:0.00M, Peak:0.00M | Scene, ViewLayer | Updating Images | Loading noticeboard_basecolor_1024
Fra:1 Mem:21.50M (Peak 29.72M) | Time:00:00.02 | Mem:8.00M, Peak:8.00M | Scene, ViewLayer | Waiting for render to start
Fra:1 Mem:21.50M (Peak 29.72M) | Time:00:00.02 | Mem:8.00M, Peak:8.00M | Scene, ViewLayer | Loading render kernels (may take a few minutes the first time)
Fra:1 Mem:21.50M (Peak 29.72M) | Time:00:00.02 | Mem:8.00M, Peak:8.00M | Scene, ViewLayer | Updating Scene
Fra:1 Mem:21.50M (Peak 29.72M) | Time:00:00.02 | Mem:8.00M, Peak:8.00M | Scene, ViewLayer | Updating Shaders
Fra:1 Mem:21.58M (Peak 29.72M) | Time:00:00.02 | Mem:8.00M, Peak:8.00M | Scene, ViewLayer | Updating Procedurals
Fra:1 Mem:21.58M (Peak 29.72M) | Time:00:00.02 | Mem:8.00M, Peak:8.00M | Scene, ViewLayer | Updating Background
Fra:1 Mem:21.58M (Peak 29.72M) | Time:00:00.02 | Mem:8.00M, Peak:8.00M | Scene, ViewLayer | Updating Camera
Fra:1 Mem:21.58M (Peak 29.72M) | Time:00:00.02 | Mem:8.00M, Peak:8.00M | Scene, ViewLayer | Updating Meshes Flags
Fra:1 Mem:21.58M (Peak 29.72M) | Time:00:00.02 | Mem:8.00M, Peak:8.00M | Scene, ViewLayer | Updating Objects
Fra:1 Mem:21.58M (Peak 29.72M) | Time:00:00.02 | Mem:8.00M, Peak:8.00M | Scene, ViewLayer | Updating Objects | Copying Transformations to device
Fra:1 Mem:21.58M (Peak 29.72M) | Time:00:00.02 | Mem:8.00M, Peak:8.00M | Scene, ViewLayer | Updating Objects | Applying Static Transformations
Fra:1 Mem:21.58M (Peak 29.72M) | Time:00:00.02 | Mem:8.00M, Peak:8.00M | Scene, ViewLayer | Updating Particle Systems
Fra:1 Mem:21.58M (Peak 29.72M) | Time:00:00.02 | Mem:8.00M, Peak:8.00M | Scene, ViewLayer | Updating Particle Systems | Copying Particles to device
Fra:1 Mem:21.58M (Peak 29.72M) | Time:00:00.02 | Mem:8.00M, Peak:8.00M | Scene, ViewLayer | Updating Meshes
Fra:1 Mem:21.60M (Peak 29.72M) | Time:00:00.02 | Mem:8.00M, Peak:8.00M | Scene, ViewLayer | Updating Mesh | Computing attributes
Fra:1 Mem:21.68M (Peak 29.72M) | Time:00:00.02 | Mem:8.00M, Peak:8.00M | Scene, ViewLayer | Updating Mesh | Copying Attributes to device
Fra:1 Mem:21.68M (Peak 29.72M) | Time:00:00.02 | Mem:8.08M, Peak:8.08M | Scene, ViewLayer | Updating Scene BVH | Building
Fra:1 Mem:21.68M (Peak 29.72M) | Time:00:00.02 | Mem:8.08M, Peak:8.08M | Scene, ViewLayer | Updating Scene BVH | Building BVH
Fra:1 Mem:21.68M (Peak 29.72M) | Time:00:00.02 | Mem:8.13M, Peak:8.13M | Scene, ViewLayer | Updating Scene BVH | Building BVH 0%
Fra:1 Mem:21.68M (Peak 29.72M) | Time:00:00.02 | Mem:8.18M, Peak:8.22M | Scene, ViewLayer | Updating Scene BVH | Copying BVH to device
Fra:1 Mem:21.68M (Peak 29.72M) | Time:00:00.02 | Mem:8.18M, Peak:8.22M | Scene, ViewLayer | Updating Mesh | Computing normals
Fra:1 Mem:21.84M (Peak 29.72M) | Time:00:00.02 | Mem:8.18M, Peak:8.22M | Scene, ViewLayer | Updating Mesh | Copying Mesh to device
Fra:1 Mem:21.84M (Peak 29.72M) | Time:00:00.02 | Mem:8.34M, Peak:8.34M | Scene, ViewLayer | Updating Objects Flags
Fra:1 Mem:21.84M (Peak 29.72M) | Time:00:00.02 | Mem:8.34M, Peak:8.34M | Scene, ViewLayer | Updating Primitive Offsets
Fra:1 Mem:21.84M (Peak 29.72M) | Time:00:00.02 | Mem:8.34M, Peak:8.34M | Scene, ViewLayer | Updating Images
Fra:1 Mem:21.84M (Peak 29.72M) | Time:00:00.02 | Mem:8.34M, Peak:8.34M | Scene, ViewLayer | Updating Camera Volume
Fra:1 Mem:21.84M (Peak 29.72M) | Time:00:00.02 | Mem:8.34M, Peak:8.34M | Scene, ViewLayer | Updating Lookup Tables
Fra:1 Mem:21.84M (Peak 29.72M) | Time:00:00.02 | Mem:8.42M, Peak:8.42M | Scene, ViewLayer | Updating Lights
Fra:1 Mem:21.84M (Peak 29.72M) | Time:00:00.02 | Mem:8.42M, Peak:8.42M | Scene, ViewLayer | Updating Lights | Computing tree
Fra:1 Mem:21.84M (Peak 29.72M) | Time:00:00.03 | Mem:8.42M, Peak:8.42M | Scene, ViewLayer | Updating Integrator
Fra:1 Mem:21.84M (Peak 29.72M) | Time:00:00.03 | Mem:8.42M, Peak:8.42M | Scene, ViewLayer | Updating Film
Fra:1 Mem:21.85M (Peak 29.72M) | Time:00:00.03 | Mem:8.34M, Peak:8.42M | Scene, ViewLayer | Updating Lookup Tables
Fra:1 Mem:21.85M (Peak 29.72M) | Time:00:00.03 | Mem:8.42M, Peak:8.42M | Scene, ViewLayer | Updating Baking
Fra:1 Mem:21.85M (Peak 29.72M) | Time:00:00.03 | Mem:8.42M, Peak:8.42M | Scene, ViewLayer | Updating Device | Writing constant memory
Fra:1 Mem:21.85M (Peak 29.72M) | Time:00:00.03 | Mem:8.42M, Peak:8.42M | Scene, ViewLayer | Sample 0/48
Fra:1 Mem:56.19M (Peak 56.19M) | Time:00:00.32 | Remaining:00:13.96 | Mem:42.77M, Peak:42.77M | Scene, ViewLayer | Sample 1/48
Fra:1 Mem:71.45M (Peak 101.97M) | Time:00:11.07 | Mem:42.77M, Peak:42.77M | Scene, ViewLayer | Sample 48/48
Fra:1 Mem:71.45M (Peak 101.97M) | Time:00:11.07 | Mem:42.77M, Peak:42.77M | Scene, ViewLayer | Finished
Saved: '/workspace/scratch/eac4961518d4/motel_reception_noticeboard_v1/preview/rear.png'
Time: 00:11.35 (Saving: 00:00.28)

Fra:1 Mem:13.46M (Peak 13.46M) | Time:00:00.00 | Mem:0.00M, Peak:0.00M | Scene, ViewLayer | Synchronizing object | motel_reception_noticeboard
Fra:1 Mem:13.71M (Peak 13.71M) | Time:00:00.00 | Mem:0.00M, Peak:0.00M | Scene, ViewLayer | Initializing
Fra:1 Mem:13.70M (Peak 13.71M) | Time:00:00.00 | Mem:0.00M, Peak:0.00M | Scene, ViewLayer | Updating Images | Loading noticeboard_orm_1024
Fra:1 Mem:17.70M (Peak 17.70M) | Time:00:00.00 | Mem:0.00M, Peak:0.00M | Scene, ViewLayer | Updating Images | Loading noticeboard_basecolor_1024
Fra:1 Mem:21.50M (Peak 29.72M) | Time:00:00.03 | Mem:8.00M, Peak:8.00M | Scene, ViewLayer | Waiting for render to start
Fra:1 Mem:21.50M (Peak 29.72M) | Time:00:00.03 | Mem:8.00M, Peak:8.00M | Scene, ViewLayer | Loading render kernels (may take a few minutes the first time)
Fra:1 Mem:21.50M (Peak 29.72M) | Time:00:00.03 | Mem:8.00M, Peak:8.00M | Scene, ViewLayer | Updating Scene
Fra:1 Mem:21.50M (Peak 29.72M) | Time:00:00.03 | Mem:8.00M, Peak:8.00M | Scene, ViewLayer | Updating Shaders
Fra:1 Mem:21.58M (Peak 29.72M) | Time:00:00.03 | Mem:8.00M, Peak:8.00M | Scene, ViewLayer | Updating Procedurals
Fra:1 Mem:21.58M (Peak 29.72M) | Time:00:00.03 | Mem:8.00M, Peak:8.00M | Scene, ViewLayer | Updating Background
Fra:1 Mem:21.58M (Peak 29.72M) | Time:00:00.03 | Mem:8.00M, Peak:8.00M | Scene, ViewLayer | Updating Camera
Fra:1 Mem:21.58M (Peak 29.72M) | Time:00:00.03 | Mem:8.00M, Peak:8.00M | Scene, ViewLayer | Updating Meshes Flags
Fra:1 Mem:21.58M (Peak 29.72M) | Time:00:00.03 | Mem:8.00M, Peak:8.00M | Scene, ViewLayer | Updating Objects
Fra:1 Mem:21.58M (Peak 29.72M) | Time:00:00.03 | Mem:8.00M, Peak:8.00M | Scene, ViewLayer | Updating Objects | Copying Transformations to device
Fra:1 Mem:21.58M (Peak 29.72M) | Time:00:00.03 | Mem:8.00M, Peak:8.00M | Scene, ViewLayer | Updating Objects | Applying Static Transformations
Fra:1 Mem:21.58M (Peak 29.72M) | Time:00:00.03 | Mem:8.00M, Peak:8.00M | Scene, ViewLayer | Updating Particle Systems
Fra:1 Mem:21.58M (Peak 29.72M) | Time:00:00.03 | Mem:8.00M, Peak:8.00M | Scene, ViewLayer | Updating Particle Systems | Copying Particles to device
Fra:1 Mem:21.58M (Peak 29.72M) | Time:00:00.03 | Mem:8.00M, Peak:8.00M | Scene, ViewLayer | Updating Meshes
Fra:1 Mem:21.60M (Peak 29.72M) | Time:00:00.03 | Mem:8.00M, Peak:8.00M | Scene, ViewLayer | Updating Mesh | Computing attributes
Fra:1 Mem:21.69M (Peak 29.72M) | Time:00:00.03 | Mem:8.00M, Peak:8.00M | Scene, ViewLayer | Updating Mesh | Copying Attributes to device
Fra:1 Mem:21.68M (Peak 29.72M) | Time:00:00.03 | Mem:8.08M, Peak:8.08M | Scene, ViewLayer | Updating Scene BVH | Building
Fra:1 Mem:21.68M (Peak 29.72M) | Time:00:00.03 | Mem:8.08M, Peak:8.08M | Scene, ViewLayer | Updating Scene BVH | Building BVH
Fra:1 Mem:21.68M (Peak 29.72M) | Time:00:00.03 | Mem:8.13M, Peak:8.13M | Scene, ViewLayer | Updating Scene BVH | Building BVH 0%
Fra:1 Mem:21.68M (Peak 29.72M) | Time:00:00.03 | Mem:8.18M, Peak:8.22M | Scene, ViewLayer | Updating Scene BVH | Copying BVH to device
Fra:1 Mem:21.68M (Peak 29.72M) | Time:00:00.03 | Mem:8.18M, Peak:8.22M | Scene, ViewLayer | Updating Mesh | Computing normals
Fra:1 Mem:21.84M (Peak 29.72M) | Time:00:00.03 | Mem:8.18M, Peak:8.22M | Scene, ViewLayer | Updating Mesh | Copying Mesh to device
Fra:1 Mem:21.84M (Peak 29.72M) | Time:00:00.03 | Mem:8.34M, Peak:8.34M | Scene, ViewLayer | Updating Objects Flags
Fra:1 Mem:21.84M (Peak 29.72M) | Time:00:00.03 | Mem:8.34M, Peak:8.34M | Scene, ViewLayer | Updating Primitive Offsets
Fra:1 Mem:21.84M (Peak 29.72M) | Time:00:00.03 | Mem:8.34M, Peak:8.34M | Scene, ViewLayer | Updating Images
Fra:1 Mem:21.84M (Peak 29.72M) | Time:00:00.03 | Mem:8.34M, Peak:8.34M | Scene, ViewLayer | Updating Camera Volume
Fra:1 Mem:21.84M (Peak 29.72M) | Time:00:00.03 | Mem:8.34M, Peak:8.34M | Scene, ViewLayer | Updating Lookup Tables
Fra:1 Mem:21.84M (Peak 29.72M) | Time:00:00.03 | Mem:8.42M, Peak:8.42M | Scene, ViewLayer | Updating Lights
Fra:1 Mem:21.84M (Peak 29.72M) | Time:00:00.03 | Mem:8.42M, Peak:8.42M | Scene, ViewLayer | Updating Lights | Computing tree
Fra:1 Mem:21.84M (Peak 29.72M) | Time:00:00.04 | Mem:8.42M, Peak:8.42M | Scene, ViewLayer | Updating Integrator
Fra:1 Mem:21.84M (Peak 29.72M) | Time:00:00.04 | Mem:8.42M, Peak:8.42M | Scene, ViewLayer | Updating Film
Fra:1 Mem:21.85M (Peak 29.72M) | Time:00:00.04 | Mem:8.34M, Peak:8.42M | Scene, ViewLayer | Updating Lookup Tables
Fra:1 Mem:21.85M (Peak 29.72M) | Time:00:00.04 | Mem:8.42M, Peak:8.42M | Scene, ViewLayer | Updating Baking
Fra:1 Mem:21.85M (Peak 29.72M) | Time:00:00.04 | Mem:8.42M, Peak:8.42M | Scene, ViewLayer | Updating Device | Writing constant memory
Fra:1 Mem:21.85M (Peak 29.72M) | Time:00:00.04 | Mem:8.42M, Peak:8.42M | Scene, ViewLayer | Sample 0/48
Fra:1 Mem:56.19M (Peak 56.19M) | Time:00:00.37 | Remaining:00:15.82 | Mem:42.77M, Peak:42.77M | Scene, ViewLayer | Sample 1/48
Fra:1 Mem:71.45M (Peak 101.97M) | Time:00:10.99 | Mem:42.77M, Peak:42.77M | Scene, ViewLayer | Sample 48/48
Fra:1 Mem:71.45M (Peak 101.97M) | Time:00:10.99 | Mem:42.77M, Peak:42.77M | Scene, ViewLayer | Finished
Saved: '/workspace/scratch/eac4961518d4/motel_reception_noticeboard_v1/preview/full.png'
Time: 00:11.10 (Saving: 00:00.10)

Fra:1 Mem:13.46M (Peak 13.46M) | Time:00:00.00 | Mem:0.00M, Peak:0.00M | Scene, ViewLayer | Synchronizing object | motel_reception_noticeboard
Fra:1 Mem:13.71M (Peak 13.71M) | Time:00:00.00 | Mem:0.00M, Peak:0.00M | Scene, ViewLayer | Initializing
Fra:1 Mem:13.70M (Peak 13.71M) | Time:00:00.00 | Mem:0.00M, Peak:0.00M | Scene, ViewLayer | Updating Images | Loading noticeboard_orm_1024
Fra:1 Mem:13.70M (Peak 13.71M) | Time:00:00.00 | Mem:0.00M, Peak:0.00M | Scene, ViewLayer | Updating Images | Loading noticeboard_basecolor_1024
Fra:1 Mem:21.50M (Peak 29.72M) | Time:00:00.02 | Mem:8.00M, Peak:8.00M | Scene, ViewLayer | Waiting for render to start
Fra:1 Mem:21.50M (Peak 29.72M) | Time:00:00.02 | Mem:8.00M, Peak:8.00M | Scene, ViewLayer | Loading render kernels (may take a few minutes the first time)
Fra:1 Mem:21.50M (Peak 29.72M) | Time:00:00.02 | Mem:8.00M, Peak:8.00M | Scene, ViewLayer | Updating Scene
Fra:1 Mem:21.50M (Peak 29.72M) | Time:00:00.02 | Mem:8.00M, Peak:8.00M | Scene, ViewLayer | Updating Shaders
Fra:1 Mem:21.58M (Peak 29.72M) | Time:00:00.02 | Mem:8.00M, Peak:8.00M | Scene, ViewLayer | Updating Procedurals
Fra:1 Mem:21.58M (Peak 29.72M) | Time:00:00.02 | Mem:8.00M, Peak:8.00M | Scene, ViewLayer | Updating Background
Fra:1 Mem:21.58M (Peak 29.72M) | Time:00:00.02 | Mem:8.00M, Peak:8.00M | Scene, ViewLayer | Updating Camera
Fra:1 Mem:21.58M (Peak 29.72M) | Time:00:00.02 | Mem:8.00M, Peak:8.00M | Scene, ViewLayer | Updating Meshes Flags
Fra:1 Mem:21.58M (Peak 29.72M) | Time:00:00.02 | Mem:8.00M, Peak:8.00M | Scene, ViewLayer | Updating Objects
Fra:1 Mem:21.58M (Peak 29.72M) | Time:00:00.02 | Mem:8.00M, Peak:8.00M | Scene, ViewLayer | Updating Objects | Copying Transformations to device
Fra:1 Mem:21.58M (Peak 29.72M) | Time:00:00.02 | Mem:8.00M, Peak:8.00M | Scene, ViewLayer | Updating Objects | Applying Static Transformations
Fra:1 Mem:21.58M (Peak 29.72M) | Time:00:00.02 | Mem:8.00M, Peak:8.00M | Scene, ViewLayer | Updating Particle Systems
Fra:1 Mem:21.58M (Peak 29.72M) | Time:00:00.02 | Mem:8.00M, Peak:8.00M | Scene, ViewLayer | Updating Particle Systems | Copying Particles to device
Fra:1 Mem:21.58M (Peak 29.72M) | Time:00:00.02 | Mem:8.00M, Peak:8.00M | Scene, ViewLayer | Updating Meshes
Fra:1 Mem:21.60M (Peak 29.72M) | Time:00:00.02 | Mem:8.00M, Peak:8.00M | Scene, ViewLayer | Updating Mesh | Computing attributes
Fra:1 Mem:21.69M (Peak 29.72M) | Time:00:00.02 | Mem:8.00M, Peak:8.00M | Scene, ViewLayer | Updating Mesh | Copying Attributes to device
Fra:1 Mem:21.68M (Peak 29.72M) | Time:00:00.02 | Mem:8.08M, Peak:8.08M | Scene, ViewLayer | Updating Scene BVH | Building
Fra:1 Mem:21.68M (Peak 29.72M) | Time:00:00.02 | Mem:8.08M, Peak:8.08M | Scene, ViewLayer | Updating Scene BVH | Building BVH
Fra:1 Mem:21.68M (Peak 29.72M) | Time:00:00.02 | Mem:8.13M, Peak:8.13M | Scene, ViewLayer | Updating Scene BVH | Building BVH 0%
Fra:1 Mem:21.68M (Peak 29.72M) | Time:00:00.02 | Mem:8.18M, Peak:8.22M | Scene, ViewLayer | Updating Scene BVH | Copying BVH to device
Fra:1 Mem:21.68M (Peak 29.72M) | Time:00:00.02 | Mem:8.18M, Peak:8.22M | Scene, ViewLayer | Updating Mesh | Computing normals
Fra:1 Mem:21.84M (Peak 29.72M) | Time:00:00.02 | Mem:8.18M, Peak:8.22M | Scene, ViewLayer | Updating Mesh | Copying Mesh to device
Fra:1 Mem:21.84M (Peak 29.72M) | Time:00:00.02 | Mem:8.34M, Peak:8.34M | Scene, ViewLayer | Updating Objects Flags
Fra:1 Mem:21.84M (Peak 29.72M) | Time:00:00.02 | Mem:8.34M, Peak:8.34M | Scene, ViewLayer | Updating Primitive Offsets
Fra:1 Mem:21.84M (Peak 29.72M) | Time:00:00.02 | Mem:8.34M, Peak:8.34M | Scene, ViewLayer | Updating Images
Fra:1 Mem:21.84M (Peak 29.72M) | Time:00:00.02 | Mem:8.34M, Peak:8.34M | Scene, ViewLayer | Updating Camera Volume
Fra:1 Mem:21.84M (Peak 29.72M) | Time:00:00.02 | Mem:8.34M, Peak:8.34M | Scene, ViewLayer | Updating Lookup Tables
Fra:1 Mem:21.84M (Peak 29.72M) | Time:00:00.02 | Mem:8.42M, Peak:8.42M | Scene, ViewLayer | Updating Lights
Fra:1 Mem:21.84M (Peak 29.72M) | Time:00:00.02 | Mem:8.42M, Peak:8.42M | Scene, ViewLayer | Updating Lights | Computing tree
Fra:1 Mem:21.84M (Peak 29.72M) | Time:00:00.02 | Mem:8.42M, Peak:8.42M | Scene, ViewLayer | Updating Integrator
Fra:1 Mem:21.84M (Peak 29.72M) | Time:00:00.02 | Mem:8.42M, Peak:8.42M | Scene, ViewLayer | Updating Film
Fra:1 Mem:21.85M (Peak 29.72M) | Time:00:00.02 | Mem:8.34M, Peak:8.42M | Scene, ViewLayer | Updating Lookup Tables
Fra:1 Mem:21.85M (Peak 29.72M) | Time:00:00.02 | Mem:8.42M, Peak:8.42M | Scene, ViewLayer | Updating Baking
Fra:1 Mem:21.85M (Peak 29.72M) | Time:00:00.02 | Mem:8.42M, Peak:8.42M | Scene, ViewLayer | Updating Device | Writing constant memory
Fra:1 Mem:21.85M (Peak 29.72M) | Time:00:00.02 | Mem:8.42M, Peak:8.42M | Scene, ViewLayer | Sample 0/48
Fra:1 Mem:56.19M (Peak 56.19M) | Time:00:00.32 | Remaining:00:14.28 | Mem:42.77M, Peak:42.77M | Scene, ViewLayer | Sample 1/48
Fra:1 Mem:71.45M (Peak 101.97M) | Time:00:12.90 | Mem:42.77M, Peak:42.77M | Scene, ViewLayer | Sample 48/48
Fra:1 Mem:71.45M (Peak 101.97M) | Time:00:12.90 | Mem:42.77M, Peak:42.77M | Scene, ViewLayer | Finished
Saved: '/workspace/scratch/eac4961518d4/motel_reception_noticeboard_v1/preview/front.png'
Time: 00:13.01 (Saving: 00:00.11)

Fra:1 Mem:13.46M (Peak 13.46M) | Time:00:00.00 | Mem:0.00M, Peak:0.00M | Scene, ViewLayer | Synchronizing object | motel_reception_noticeboard
Fra:1 Mem:13.71M (Peak 13.71M) | Time:00:00.00 | Mem:0.00M, Peak:0.00M | Scene, ViewLayer | Initializing
Fra:1 Mem:13.70M (Peak 13.71M) | Time:00:00.00 | Mem:0.00M, Peak:0.00M | Scene, ViewLayer | Updating Images | Loading noticeboard_orm_1024
Fra:1 Mem:13.70M (Peak 13.71M) | Time:00:00.00 | Mem:0.00M, Peak:0.00M | Scene, ViewLayer | Updating Images | Loading noticeboard_basecolor_1024
Fra:1 Mem:21.50M (Peak 29.72M) | Time:00:00.02 | Mem:8.00M, Peak:8.00M | Scene, ViewLayer | Waiting for render to start
Fra:1 Mem:21.50M (Peak 29.72M) | Time:00:00.02 | Mem:8.00M, Peak:8.00M | Scene, ViewLayer | Loading render kernels (may take a few minutes the first time)
Fra:1 Mem:21.50M (Peak 29.72M) | Time:00:00.02 | Mem:8.00M, Peak:8.00M | Scene, ViewLayer | Updating Scene
Fra:1 Mem:21.50M (Peak 29.72M) | Time:00:00.02 | Mem:8.00M, Peak:8.00M | Scene, ViewLayer | Updating Shaders
Fra:1 Mem:21.58M (Peak 29.72M) | Time:00:00.02 | Mem:8.00M, Peak:8.00M | Scene, ViewLayer | Updating Procedurals
Fra:1 Mem:21.58M (Peak 29.72M) | Time:00:00.02 | Mem:8.00M, Peak:8.00M | Scene, ViewLayer | Updating Background
Fra:1 Mem:21.58M (Peak 29.72M) | Time:00:00.02 | Mem:8.00M, Peak:8.00M | Scene, ViewLayer | Updating Camera
Fra:1 Mem:21.58M (Peak 29.72M) | Time:00:00.02 | Mem:8.00M, Peak:8.00M | Scene, ViewLayer | Updating Meshes Flags
Fra:1 Mem:21.58M (Peak 29.72M) | Time:00:00.02 | Mem:8.00M, Peak:8.00M | Scene, ViewLayer | Updating Objects
Fra:1 Mem:21.58M (Peak 29.72M) | Time:00:00.02 | Mem:8.00M, Peak:8.00M | Scene, ViewLayer | Updating Objects | Copying Transformations to device
Fra:1 Mem:21.58M (Peak 29.72M) | Time:00:00.02 | Mem:8.00M, Peak:8.00M | Scene, ViewLayer | Updating Objects | Applying Static Transformations
Fra:1 Mem:21.58M (Peak 29.72M) | Time:00:00.02 | Mem:8.00M, Peak:8.00M | Scene, ViewLayer | Updating Particle Systems
Fra:1 Mem:21.58M (Peak 29.72M) | Time:00:00.02 | Mem:8.00M, Peak:8.00M | Scene, ViewLayer | Updating Particle Systems | Copying Particles to device
Fra:1 Mem:21.58M (Peak 29.72M) | Time:00:00.02 | Mem:8.00M, Peak:8.00M | Scene, ViewLayer | Updating Meshes
Fra:1 Mem:21.60M (Peak 29.72M) | Time:00:00.02 | Mem:8.00M, Peak:8.00M | Scene, ViewLayer | Updating Mesh | Computing attributes
Fra:1 Mem:21.69M (Peak 29.72M) | Time:00:00.03 | Mem:8.00M, Peak:8.00M | Scene, ViewLayer | Updating Mesh | Copying Attributes to device
Fra:1 Mem:21.68M (Peak 29.72M) | Time:00:00.03 | Mem:8.08M, Peak:8.08M | Scene, ViewLayer | Updating Scene BVH | Building
Fra:1 Mem:21.68M (Peak 29.72M) | Time:00:00.03 | Mem:8.08M, Peak:8.08M | Scene, ViewLayer | Updating Scene BVH | Building BVH
Fra:1 Mem:21.68M (Peak 29.72M) | Time:00:00.03 | Mem:8.13M, Peak:8.13M | Scene, ViewLayer | Updating Scene BVH | Building BVH 0%
Fra:1 Mem:21.68M (Peak 29.72M) | Time:00:00.03 | Mem:8.18M, Peak:8.22M | Scene, ViewLayer | Updating Scene BVH | Copying BVH to device
Fra:1 Mem:21.68M (Peak 29.72M) | Time:00:00.03 | Mem:8.18M, Peak:8.22M | Scene, ViewLayer | Updating Mesh | Computing normals
Fra:1 Mem:21.84M (Peak 29.72M) | Time:00:00.03 | Mem:8.18M, Peak:8.22M | Scene, ViewLayer | Updating Mesh | Copying Mesh to device
Fra:1 Mem:21.84M (Peak 29.72M) | Time:00:00.03 | Mem:8.34M, Peak:8.34M | Scene, ViewLayer | Updating Objects Flags
Fra:1 Mem:21.84M (Peak 29.72M) | Time:00:00.03 | Mem:8.34M, Peak:8.34M | Scene, ViewLayer | Updating Primitive Offsets
Fra:1 Mem:21.84M (Peak 29.72M) | Time:00:00.03 | Mem:8.34M, Peak:8.34M | Scene, ViewLayer | Updating Images
Fra:1 Mem:21.84M (Peak 29.72M) | Time:00:00.03 | Mem:8.34M, Peak:8.34M | Scene, ViewLayer | Updating Camera Volume
Fra:1 Mem:21.84M (Peak 29.72M) | Time:00:00.03 | Mem:8.34M, Peak:8.34M | Scene, ViewLayer | Updating Lookup Tables
Fra:1 Mem:21.84M (Peak 29.72M) | Time:00:00.03 | Mem:8.42M, Peak:8.42M | Scene, ViewLayer | Updating Lights
Fra:1 Mem:21.84M (Peak 29.72M) | Time:00:00.03 | Mem:8.42M, Peak:8.42M | Scene, ViewLayer | Updating Lights | Computing tree
Fra:1 Mem:21.84M (Peak 29.72M) | Time:00:00.03 | Mem:8.42M, Peak:8.42M | Scene, ViewLayer | Updating Integrator
Fra:1 Mem:21.84M (Peak 29.72M) | Time:00:00.03 | Mem:8.42M, Peak:8.42M | Scene, ViewLayer | Updating Film
Fra:1 Mem:21.85M (Peak 29.72M) | Time:00:00.03 | Mem:8.34M, Peak:8.42M | Scene, ViewLayer | Updating Lookup Tables
Fra:1 Mem:21.85M (Peak 29.72M) | Time:00:00.03 | Mem:8.42M, Peak:8.42M | Scene, ViewLayer | Updating Baking
Fra:1 Mem:21.85M (Peak 29.72M) | Time:00:00.03 | Mem:8.42M, Peak:8.42M | Scene, ViewLayer | Updating Device | Writing constant memory
Fra:1 Mem:21.85M (Peak 29.72M) | Time:00:00.03 | Mem:8.42M, Peak:8.42M | Scene, ViewLayer | Sample 0/48
Fra:1 Mem:56.19M (Peak 56.19M) | Time:00:00.57 | Remaining:00:25.66 | Mem:42.77M, Peak:42.77M | Scene, ViewLayer | Sample 1/48
Fra:1 Mem:71.45M (Peak 101.97M) | Time:00:20.64 | Mem:42.77M, Peak:42.77M | Scene, ViewLayer | Sample 48/48
Fra:1 Mem:71.45M (Peak 101.97M) | Time:00:20.64 | Mem:42.77M, Peak:42.77M | Scene, ViewLayer | Finished
Saved: '/workspace/scratch/eac4961518d4/motel_reception_noticeboard_v1/preview/detail.png'
Time: 00:20.75 (Saving: 00:00.11)


Blender quit
